/Users/mac/workspace/magic-tao/monster_scraper_v2.py:28: SyntaxWarning: invalid escape sequence '\s'
  const rankMatch = bodyText.match(/总档位[：:]\s*(\d+)/);
需要补采: 364 个魔物
[1/364] 采集: 钢铁骑士 ✗
[2/364] 采集: 火蜘蛛 ✗
[3/364] 采集: 改造风龙蜥 ✗
[4/364] 采集: 岩虫 ✗
[5/364] 采集: 多拉姆糖（怀旧） ✗
[6/364] 采集: 死灰螳螂 ✗
[7/364] 采集: 刀锋阿姆鸟 ✗
[8/364] 采集: 天狼星（时道） ✗
[9/364] 采集: 幼生火焰独角兽（怀旧） ✗
[10/364] 采集: 毒角狮（时道） ✗
[11/364] 采集: 地狱恶犬（道具） ✗
[12/364] 采集: 鲁帕斯（时道） ✗
[13/364] 采集: 罗刹 ✗
[14/364] 采集: 魔化水鼠（怀旧） ✗
[15/364] 采集: 山飞甲（时怀） ✗
[16/364] 采集: 赤目黑熊 ✗
[17/364] 采集: 改造大地鼠 ✗
[18/364] 采集: 剑鸵鸟（时道） ✗
[19/364] 采集: iGame.Crossgate.Controllers.MonsterController.Detail() ✗
[20/364] 采集: 冥界处刑者（倍率21;暂不支持百科算档/模拟） ✗
[21/364] 采集: 红木蝎 ✓
[22/364] 采集: 仇恨之灵 ✗
[23/364] 采集: 沙地鲨 ✗
[24/364] 采集: 走路花妖 ✗
[25/364] 采集: iGame.Crossgate.Controllers.MonsterController.Detail() ✗
[26/364] 采集: 土蜘蛛 ✗
[27/364] 采集: 艾克尼奇美拉（时道） ✓
[28/364] 采集: 改造盗贼 ✗
[29/364] 采集: 金牛神使（道具） ✗
[30/364] 采集: 围巾兔（道具） ✗
[31/364] 采集: 招财猫（道具） ✗
[32/364] 采集: 芙蕾雅番茄妖精（道具） ✗
[33/364] 采集: 牧羊神使（道具） ✗
[34/364] 采集: 堕天使 ✗
[35/364] 采集: 希特拉 ✗
[36/364] 采集: 灵魂容器(地) ✗
[37/364] 采集: 蓝星缩影 ✗
[38/364] 采集: 改造丸子炸弹 ✗
[39/364] 采集: 改造暗影（道具） ✗
[40/364] 采集: 大地牛头怪（道具） ✗
[41/364] 采集: 寒冰牛头怪（道具） ✗
[42/364] 采集: 烈风牛头怪（道具） ✗
[43/364] 采集: 火焰牛头怪（道具） ✗
[44/364] 采集: iGame.Crossgate.Controllers.MonsterController.Detail() ✗
[45/364] 采集: 阴影 ✗
[46/364] 采集: 丘比特 ✗
[47/364] 采集: 黑暗大公鸡（道具） ✗
[48/364] 采集: 胖蝙蝠 ✗
[49/364] 采集: 地狱将军 ✗
[50/364] 采集: 大地牛头怪（怀旧） ✗

进度保存: 2 成功, 48 失败
[51/364] 采集: iGame.Crossgate.Controllers.MonsterController.Detail() ✗
[52/364] 采集: 围巾兔（怀旧） ✗
[53/364] 采集: 红魔吓人箱 ✗
[54/364] 采集: 绿蛙吓人箱 ✗
[55/364] 采集: 兔耳吓人箱 ✗
[56/364] 采集: 吓人箱 ✗
[57/364] 采集: 纯白吓人箱 ✗
[58/364] 采集: 改造锹型虫 ✗
[59/364] 采集: 锹型虫 ✗
[60/364] 采集: 朗格多克蝎 ✗
[61/364] 采集: 改造黄蝎 ✗
[62/364] 采集: 黄金幼龙（怀旧·奖） ✗
[63/364] 采集: iGame.Crossgate.Controllers.MonsterController.Detail() ✗
[64/364] 采集: 金属蜥蜴 ✗
[65/364] 采集: 贝拉多娜草 ✗
[66/364] 采集: 测试功能 ✗
[67/364] 采集: 绳状熔岩 ✗
[68/364] 采集: 谢蕾简克隆体 ✗
[69/364] 采集: iGame.Crossgate.Controllers.MonsterController.Detail() ✗
[70/364] 采集: 绿帽哥布林 ✗
[71/364] 采集: 星菇 ✗
[72/364] 采集: 水蓝菇 ✗
[73/364] 采集: 翠绿菇 ✗
[74/364] 采集: 穴龙 ✗
[75/364] 采集: 改造鬼灵 ✗
[76/364] 采集: 岩怪 ✗
[77/364] 采集: 影岩 ✗
[78/364] 采集: 单眼巨人 ✗
[79/364] 采集: iGame.Crossgate.Controllers.MonsterController.Detail() ✗
[80/364] 采集: 拳击企鹅 ✗
[81/364] 采集: 棉球 ✗
[82/364] 采集: 虚弱的雏鸟 ✗
[83/364] 采集: 大刀鸸苗 ✗
[84/364] 采集: 天使之翼（道具） ✗
[85/364] 采集: 蓝魔卡尔德（道具） ✗
[86/364] 采集: 火焰鼠 ✗
[87/364] 采集: 改造兔耳蝙蝠 ✗
[88/364] 采集: 无之纹章红魔乔卡（道） ✗
[89/364] 采集: 闪光飞鹰 ✗
[90/364] 采集: 改造水蓝鸟魔 ✗
[91/364] 采集: 曼德拉草 ✗
[92/364] 采集: 改造水果蝙蝠 ✗
[93/364] 采集: 变异果冻史莱姆 ✗
[94/364] 采集: 山贼 ✗
[95/364] 采集: 水精 ✗
[96/364] 采集: 火精 ✗
[97/364] 采集: 风精 ✓
[98/364] 采集: 血腥骑士 ✗
[99/364] 采集: 改造水晶螃蟹 ✗
[100/364] 采集: 火柴小精灵 ✗

进度保存: 3 成功, 97 失败
[101/364] 采集: 改造猎豹蜥蜴 ✗
[102/364] 采集: 疾风之刃 ✗
[103/364] 采集: 陆行鲨 ✗
[104/364] 采集: 木乃伊 ✗
[105/364] 采集: 雪儿波波 ✗
[106/364] 采集: iGame.Crossgate.Controllers.MonsterController.Detail() ✗
[107/364] 采集: 黑暗龙 ✗
[108/364] 采集: 妖花 ✗
[109/364] 采集: 黄蜂 ✗
[110/364] 采集: 红蝎 ✗
[111/364] 采集: 血魔 ✗
[112/364] 采集: 小恶魔 ✗
[113/364] 采集: 小蝙蝠 ✗
[114/364] 采集: 托罗帝鸟 ✗
[115/364] 采集: 天使蝙蝠 ✗
[116/364] 采集: 水蓝鸟魔 ✗
[117/364] 采集: 水果蝙蝠 ✗
[118/364] 采集: 使魔（英普） ✗
[119/364] 采集: iGame.Crossgate.Controllers.MonsterController.Detail() ✗
[120/364] 采集: 狮鹫兽 ✗
[121/364] 采集: 扫把蝙蝠 ✗
[122/364] 采集: 强化丘比特 ✗
[123/364] 采集: 迷你蝙蝠 ✗
[124/364] 采集: 狂奔鸟 ✗
[125/364] 采集: 巨蝙蝠 ✗
[126/364] 采集: 海蝙蝠 ✗
[127/364] 采集: 改造扫把蝙蝠 ✗
[128/364] 采集: 恶魔蝙蝠 ✗
[129/364] 采集: 恶魔 ✗
[130/364] 采集: 黑暗大公鸡 ✗
[131/364] 采集: 大公鸡（时长） ✗
[132/364] 采集: 沼泽树精 ✗
[133/364] 采集: iGame.Crossgate.Controllers.MonsterController.Detail() ✗
[134/364] 采集: 舞蹈花妖 ✗
[135/364] 采集: 武术仙人掌 ✗
[136/364] 采集: 兔耳仙人掌 ✗
[137/364] 采集: 死亡树精 ✗
[138/364] 采集: 树精 ✗
[139/364] 采集: 快枯死的树精 ✗
[140/364] 采集: 火焰舞者 ✗
[141/364] 采集: 黄色口臭鬼 ✗
[142/364] 采集: 惨白树精 ✗
[143/364] 采集: 泰坦巨人 ✗
[144/364] 采集: iGame.Crossgate.Controllers.MonsterController.Detail() ✗
[145/364] 采集: 影舞者（女） ✗
[146/364] 采集: 鸟人 ✗
[147/364] 采集: 火焰哥布林 ✗
[148/364] 采集: 巨人 ✗
[149/364] 采集: 烈风鸟人 ✗
[150/364] 采集: 狠毒鸟人 ✗

进度保存: 3 成功, 147 失败
[151/364] 采集: 幻歌妖 ✗
[152/364] 采集: 鸟人酋长 ✗
[153/364] 采集: 水蜘蛛 ✗
[154/364] 采集: 杀手蝎 ✗
[155/364] 采集: 蓝蝎 ✗
[156/364] 采集: 堀地虫 ✗
[157/364] 采集: 甲虫 ✗
[158/364] 采集: iGame.Crossgate.Controllers.MonsterController.Detail() ✗
[159/364] 采集: 改造蓝蝎 ✗
[160/364] 采集: 改造黄蜂（道具） ✗
[161/364] 采集: 翼龙 ✗
[162/364] 采集: 烟罗 ✗
[163/364] 采集: 亚斯普（道具） ✗
[164/364] 采集: 迅猛龙 ✗
[165/364] 采集: 蜥蜴武士 ✗
[166/364] 采集: 蜥蜴斗士 ✗
[167/364] 采集: 魔法黄金龙 ✗
[168/364] 采集: 敏捷的雏龙 ✗
[169/364] 采集: 迷你龙 ✗
[170/364] 采集: 猎豹蜥蜴 ✗
[171/364] 采集: 口袋龙 ✗
[172/364] 采集: 蛟龙（时道） ✗
[173/364] 采集: 火焰翼龙 ✗
[174/364] 采集: 地龙 ✗
[175/364] 采集: 大地翼龙 ✗
[176/364] 采集: 雏龙 ✗
[177/364] 采集: 八岐大蛇 ✗
[178/364] 采集: 真·村雨丸 ✗
[179/364] 采集: 银怪 ✗
[180/364] 采集: 魔动铠甲 ✗
[181/364] 采集: 金怪 ✗
[182/364] 采集: 黄金螃蟹 ✗
[183/364] 采集: 恶魔螃蟹 ✗
[184/364] 采集: 村雨丸 ✗
[185/364] 采集: 冰怪 ✗
[186/364] 采集: 斩首者 ✗
[187/364] 采集: 武装骷髅 ✗
[188/364] 采集: 巫师之鬼 ✗
[189/364] 采集: 亡灵 ✗
[190/364] 采集: 食尸鬼 ✗
[191/364] 采集: 卡特卡普 ✗
[192/364] 采集: iGame.Crossgate.Controllers.MonsterController.Detail() ✗
[193/364] 采集: 顽皮炸弹 ✗
[194/364] 采集: 试验型改造史莱姆·重生 ✗
[195/364] 采集: 试验型改造史莱姆·优化 ✗
[196/364] 采集: 试验型改造史莱姆·抗咒 ✗
[197/364] 采集: 圣诞精灵（怀旧） ✗
[198/364] 采集: 葡萄酒粉怪 ✗
[199/364] 采集: 牛奶粉怪 ✗
[200/364] 采集: 玫瑰粉怪 ✗

进度保存: 3 成功, 197 失败
[201/364] 采集: 马卡来粉怪 ✗
[202/364] 采集: 疾风迅雷之史莱姆 ✗
[203/364] 采集: 鬼灵 ✗
[204/364] 采集: 腐尸 ✗
[205/364] 采集: 德鲁伊之鬼 ✗
[206/364] 采集: 烟雾 ✗
[207/364] 采集: 牧羊神使（怀旧） ✗
[208/364] 采集: 金牛神使（怀旧） ✗
[209/364] 采集: iGame.Crossgate.Controllers.MonsterController.Detail() ✗
[210/364] 采集: 改造史莱姆 ✗
[211/364] 采集: 改造漂浮炸弹 ✗
[212/364] 采集: 改造火精 ✗
[213/364] 采集: 改造风精 ✓
[214/364] 采集: 改造地精 ✗
[215/364] 采集: 大炸弹 ✓
[216/364] 采集: 宝贝炸弹 ✗
[217/364] 采集: 布丁史莱姆 ✓
[218/364] 采集: 果冻史莱姆 ✗
[219/364] 采集: 液态史莱姆 ✓
[220/364] 采集: 史莱姆 ✓
[221/364] 采集: 魔法师之鬼 ✓
[222/364] 采集: 魔法黑猫（怀旧） ✓
[223/364] 采集: 九尾妖狐（怀旧） ✗
[224/364] 采集: 九尾妖狐（道具） ✗
[225/364] 采集: 九尾天狐（怀旧） ✗
[226/364] 采集: 九尾天狐（道具） ✗
[227/364] 采集: 九尾灵狐（怀旧·奖） ✗
[228/364] 采集: 九尾灵狐（怀旧） ✗
[229/364] 采集: iGame.Crossgate.Controllers.MonsterController.Detail() ✗
[230/364] 采集: 海底龟 ✗
[231/364] 采集: 地狱妖犬 ✓
[232/364] 采集: 穴熊 ✗
[233/364] 采集: 妖狐 ✓
[234/364] 采集: 恶魔猫 ✗
[235/364] 采集: 猫人 ✗
[236/364] 采集: 猫妖 ✓
[237/364] 采集: 北极熊 ✗
[238/364] 采集: 达亚斯公鸡 ✗
[239/364] 采集: 大公鸡 ✗
[240/364] 采集: 被特赦的火鸡 ✗
[241/364] 采集: 改造蜥蜴斗士 ✗
[242/364] 采集: 耀阳花（怀旧） ✗
[243/364] 采集: 幼生神龙（道具） ✗
[244/364] 采集: 幼生神龙（怀旧） ✓
[245/364] 采集: 鸟身巫女 ✓
[246/364] 采集: 亚特拉斯巨神 ✗
[247/364] 采集: 黄金龙 ✗
[248/364] 采集: 炎龙（魔） ✗
[249/364] 采集: 炎龙（攻） ✗
[250/364] 采集: 火焰巨龙（时道） ✗

进度保存: 15 成功, 235 失败
[251/364] 采集: 改造穴龙 ✗
[252/364] 采集: 幼龙？最低 ✗
[253/364] 采集: 黄金巨龙(道具) ✓
[254/364] 采集: 西留耶尔 ✗
[255/364] 采集: 维尔斯 ✗
[256/364] 采集: 修美亚雷 ✗
[257/364] 采集: 罗查 ✗
[258/364] 采集: 罗修 ✗
[259/364] 采集: 冰蜥蜴 ✗
[260/364] 采集: 毒蜥蜴 ✗
[261/364] 采集: 火蜥蜴 ✗
[262/364] 采集: 伪·村雨丸 ✗
[263/364] 采集: 改造纯白吓人箱 ✓
[264/364] 采集: 魔术机戊 ✗
[265/364] 采集: 改造影岩 ✗
[266/364] 采集: 达杰乌鲁姆 ✗
[267/364] 采集: 篮尾龙 ✗
[268/364] 采集: iGame.Crossgate.Controllers.MonsterController.Detail() ✗
[269/364] 采集: 板龙 ✗
[270/364] 采集: 魔术机丁 ✗
[271/364] 采集: 魔术机丙 ✗
[272/364] 采集: 魔术机乙 ✗
[273/364] 采集: 魔术机甲 ✗
[274/364] 采集: 萨普地雷 ✗
[275/364] 采集: 皮皮地雷 ✗
[276/364] 采集: 碎碎地雷 ✗
[277/364] 采集: 跳跳地雷 ✗
[278/364] 采集: 钻石怪 ✗
[279/364] 采集: 水晶怪 ✗
[280/364] 采集: 红宝石怪 ✗
[281/364] 采集: 蛋白石怪 ✗
[282/364] 采集: 暴力史莱姆 ✗
[283/364] 采集: 改造大炸弹 ✗
[284/364] 采集: 改造幻影 ✗
[285/364] 采集: 改造烟罗 ✗
[286/364] 采集: 改造暗影（怀旧） ✗
[287/364] 采集: 招财猫（怀旧） ✗
[288/364] 采集: iGame.Crossgate.Controllers.MonsterController.Detail() ✗
[289/364] 采集: 改造水蓝菇 ✗
[290/364] 采集: 改造树精 ✓
[291/364] 采集: 西比亚 ✗
[292/364] 采集: 赛修 ✗
[293/364] 采集: 亭登 ✗
[294/364] 采集: 乌杰 ✗
[295/364] 采集: 静止花妖 ✗
[296/364] 采集: 跑步花妖 ✗
[297/364] 采集: 耶诞帽怪 ✗
[298/364] 采集: 咚咚靴怪 ✗
[299/364] 采集: 潜靴怪 ✗
[300/364] 采集: 舞靴怪 ✗

进度保存: 18 成功, 282 失败
[301/364] 采集: 戴靴怪 ✗
[302/364] 采集: 布雷欧（时道） ✗
[303/364] 采集: 布雷欧 ✓
[304/364] 采集: 变种狮鹫兽（时道） ✗
[305/364] 采集: 米歇尔蝙蝠 ✗
[306/364] 采集: 陆行鲨后期型 ✗
[307/364] 采集: 欧图蝙蝠 ✗
[308/364] 采集: iGame.Crossgate.Controllers.MonsterController.Detail() ✗
[309/364] 采集: 欧比尔蝙蝠 ✗
[310/364] 采集: 尤拉蝙蝠 ✗
[311/364] 采集: 拉贾 ✗
[312/364] 采集: 拉札 ✗
[313/364] 采集: 罗亨 ✗
[314/364] 采集: 雷伊 ✗
[315/364] 采集: 小兔子 ✗
[316/364] 采集: 小鸭子 ✗
[317/364] 采集: 鸭嘴兽 ✗
[318/364] 采集: 雏鸟 ✓
[319/364] 采集: 岩石鲨 ✗
[320/364] 采集: 丘陵鲨 ✗
[321/364] 采集: 改造黄金龙骨 ✗
[322/364] 采集: 恶梦猫 ✗
[323/364] 采集: 薛定谔 ✗
[324/364] 采集: 毒龙骨 ✗
[325/364] 采集: 福尔菲斯 ✗
[326/364] 采集: 猫脸女神巴斯铁特 ✗
[327/364] 采集: 狮头女神赛克梅特 ✗
[328/364] 采集: iGame.Crossgate.Controllers.MonsterController.Detail() ✗
[329/364] 采集: 暗黑龙骨 ✗
[330/364] 采集: 组 ✗
[331/364] 采集: 群 ✓
[332/364] 采集: 军 ✗
[333/364] 采集: 连 ✗
[334/364] 采集: 普拉顿 ✗
[335/364] 采集: 卡尔铁特 ✗
[336/364] 采集: 雨行妖犬 ✓
[337/364] 采集: 奇吉姆那 ✗
[338/364] 采集: 榕树怪 ✗
[339/364] 采集: 布卡 ✗
[340/364] 采集: 红铜怪 ✗
[341/364] 采集: 铁狮 ✗
[342/364] 采集: 黄铜怪 ✗
[343/364] 采集: 银狮 ✗
[344/364] 采集: 刀鸡 ✗
[345/364] 采集: 变种欧特奇美拉 ✓
[346/364] 采集: 改造欧特奇美拉 ✓
[347/364] 采集: 艾德奇美拉（时道） ✓
[348/364] 采集: iGame.Crossgate.Controllers.MonsterController.Detail() ✓
[349/364] 采集: 改造迷你蝙蝠 ✗
[350/364] 采集: 试做型腐尸 ✗

进度保存: 26 成功, 324 失败
[351/364] 采集: 纯银铠甲 ✗
[352/364] 采集: 大地铠甲 ✓
[353/364] 采集: 改造北极熊 ✗
[354/364] 采集: 改造水蓝鼠 ✗
[355/364] 采集: 利齿的火焰鼠 ✗
[356/364] 采集: 愤怒的水蓝鼠 ✗
[357/364] 采集: 强壮的恶梦鼠 ✗
[358/364] 采集: 敏捷的大地鼠 ✗
[359/364] 采集: 虎人 ✗
[360/364] 采集: 完美黄金幼龙 ✗
[361/364] 采集: 恶梦鼠 ✓
[362/364] 采集: 改造恶梦鼠 ✗
[363/364] 采集: 钢铁制裁者 ✓
[364/364] 采集: 钢铁剑士 ✗

补采完成! 成功: 29, 失败: 335
